use-static-qregularexpression/main.cpp:6:33: warning: Don't create temporary QRegularExpression objects. Use a static QRegularExpression object instead [-Wclazy-use-static-qregularexpression]
use-static-qregularexpression/main.cpp:10:24: warning: Don't create temporary QRegularExpression objects. Use a static QRegularExpression object instead [-Wclazy-use-static-qregularexpression]
use-static-qregularexpression/main.cpp:13:24: warning: Don't create temporary QRegularExpression objects. Use a static QRegularExpression object instead [-Wclazy-use-static-qregularexpression]
use-static-qregularexpression/main.cpp:20:19: warning: Don't create temporary QRegularExpression objects. Use a static QRegularExpression object instead [-Wclazy-use-static-qregularexpression]
use-static-qregularexpression/main.cpp:21:19: warning: Don't create temporary QRegularExpression objects. Use a static QRegularExpression object instead [-Wclazy-use-static-qregularexpression]
use-static-qregularexpression/main.cpp:24:13: warning: Don't create temporary QRegularExpression objects. Use a static QRegularExpression object instead [-Wclazy-use-static-qregularexpression]
use-static-qregularexpression/main.cpp:25:13: warning: Don't create temporary QRegularExpression objects. Use a static QRegularExpression object instead [-Wclazy-use-static-qregularexpression]
use-static-qregularexpression/main.cpp:28:15: warning: Don't create temporary QRegularExpression objects. Use a static QRegularExpression object instead [-Wclazy-use-static-qregularexpression]
use-static-qregularexpression/main.cpp:29:15: warning: Don't create temporary QRegularExpression objects. Use a static QRegularExpression object instead [-Wclazy-use-static-qregularexpression]
use-static-qregularexpression/main.cpp:32:14: warning: Don't create temporary QRegularExpression objects. Use a static QRegularExpression object instead [-Wclazy-use-static-qregularexpression]
use-static-qregularexpression/main.cpp:33:14: warning: Don't create temporary QRegularExpression objects. Use a static QRegularExpression object instead [-Wclazy-use-static-qregularexpression]
use-static-qregularexpression/main.cpp:36:15: warning: Don't create temporary QRegularExpression objects. Use a static QRegularExpression object instead [-Wclazy-use-static-qregularexpression]
use-static-qregularexpression/main.cpp:37:15: warning: Don't create temporary QRegularExpression objects. Use a static QRegularExpression object instead [-Wclazy-use-static-qregularexpression]
use-static-qregularexpression/main.cpp:40:13: warning: Don't create temporary QRegularExpression objects. Use a static QRegularExpression object instead [-Wclazy-use-static-qregularexpression]
use-static-qregularexpression/main.cpp:41:13: warning: Don't create temporary QRegularExpression objects. Use a static QRegularExpression object instead [-Wclazy-use-static-qregularexpression]
use-static-qregularexpression/main.cpp:44:16: warning: Don't create temporary QRegularExpression objects. Use a static QRegularExpression object instead [-Wclazy-use-static-qregularexpression]
use-static-qregularexpression/main.cpp:45:16: warning: Don't create temporary QRegularExpression objects. Use a static QRegularExpression object instead [-Wclazy-use-static-qregularexpression]
use-static-qregularexpression/main.cpp:50:21: warning: Don't create temporary QRegularExpression objects. Use a static QRegularExpression object instead [-Wclazy-use-static-qregularexpression]
use-static-qregularexpression/main.cpp:53:25: warning: Don't create temporary QRegularExpression objects. Use a static QRegularExpression object instead [-Wclazy-use-static-qregularexpression]
use-static-qregularexpression/main.cpp:57:16: warning: Don't create temporary QRegularExpression objects. Use a static QRegularExpression object instead [-Wclazy-use-static-qregularexpression]
use-static-qregularexpression/main.cpp:61:20: warning: Don't create temporary QRegularExpression objects. Use a static QRegularExpression object instead [-Wclazy-use-static-qregularexpression]
use-static-qregularexpression/main.cpp:93:19: warning: Don't create temporary QRegularExpression objects. Use a static QRegularExpression object instead [-Wclazy-use-static-qregularexpression]
use-static-qregularexpression/main.cpp:94:19: warning: Don't create temporary QRegularExpression objects. Use a static QRegularExpression object instead [-Wclazy-use-static-qregularexpression]
use-static-qregularexpression/main.cpp:96:15: warning: Don't create temporary QRegularExpression objects. Use a static QRegularExpression object instead [-Wclazy-use-static-qregularexpression]
use-static-qregularexpression/main.cpp:97:15: warning: Don't create temporary QRegularExpression objects. Use a static QRegularExpression object instead [-Wclazy-use-static-qregularexpression]
