qt6-fwd-fixes/file2.cpp:2:1: warning: Using forward declaration of QCache. (already) Including <QtCore/qcontainerfwd.h> instead. [-Wclazy-qt6-fwd-fixes]
