#include "header1.h"
#include <QtCore/qcontainerfwd.h>
class SomeClass;
